---
source: src/rules/mod.rs
expression: output
---
Rule: PGM004
Severity: CRITICAL
Description: DETACH PARTITION on existing table without CONCURRENTLY

PGM004 — DETACH PARTITION without CONCURRENTLY

What it detects:
  ALTER TABLE parent DETACH PARTITION child where the parent table
  already exists and the CONCURRENTLY option is not used.

Why it's dangerous:
  Plain DETACH PARTITION acquires ACCESS EXCLUSIVE on both the parent
  partitioned table and the child partition for the full duration of
  the operation. This blocks all reads and writes on the parent (and
  therefore all its partitions) until detach completes.

Safe alternative:
  Use DETACH PARTITION ... CONCURRENTLY (PostgreSQL 14+). It takes
  only SHARE UPDATE EXCLUSIVE on the parent instead of ACCESS
  EXCLUSIVE, so it does not block readers and writers through the
  parent the way the plain form does.

Two things to plan for with CONCURRENTLY:
  1. It cannot run inside a transaction block, so the statement must
     be issued on its own (runInTransaction="false" for Liquibase,
     the equivalent setting elsewhere). PGM003 does not currently
     detect this: it only checks CREATE/DROP INDEX CONCURRENTLY.
  2. It still waits for conflicting traffic on the parent, and an
     interrupted wait does not roll back. The first phase has already
     committed, so the child is left pending-detach in pg_inherits
     (inhdetachpending). Queries routed through the parent already
     skip the partition's rows while the rows remain in it, and the
     state does not self-resolve. A retry of the same DETACH ...
     CONCURRENTLY fails with SQLSTATE 55000 (hint: FINALIZE).
     Recovery is DETACH PARTITION ... FINALIZE or DROP TABLE on the
     child. While pending, that DROP TABLE still takes ACCESS
     EXCLUSIVE on the parent. It can lose to the same traffic that
     caused the interruption.

Example (bad):
  ALTER TABLE measurements DETACH PARTITION measurements_2023;

Fix (safe):
  ALTER TABLE measurements DETACH PARTITION measurements_2023 CONCURRENTLY;

Note: DETACH PARTITION CONCURRENTLY requires PostgreSQL 14+.
