---
source: src/rules/pgm303.rs
expression: findings
---
- rule_id: PGM303
  severity: Minor
  message: "DELETE FROM existing table 'audit_log' in a migration. Unbatched deletes hold row locks and generate significant WAL. Verify row volume and consider batched execution."
  file: migrations/005.sql
  start_line: 1
  end_line: 1
