---
source: src/rules/pgm012.rs
expression: findings
---
- rule_id: PGM012
  severity: Minor
  message: "Dropping column 'order_id' from table 'order_items' silently removes foreign key 'fk_order_product' referencing 'order_products'. Verify that the referential integrity guarantee is no longer needed."
  file: migrations/002.sql
  start_line: 1
  end_line: 1
