---
source: src/rules/pgm009.rs
assertion_line: 484
expression: findings
---
- rule_id: PGM009
  severity: Info
  message: "Changing column type on existing table 'events' ('created_at': timestamp → timestamptz) rewrites the entire table under an ACCESS EXCLUSIVE lock. For large tables, this causes extended downtime. Consider creating a new column, backfilling, and swapping instead."
  file: migrations/002.sql
  start_line: 1
  end_line: 1
