---
source: src/rules/pgm020.rs
expression: findings
---
- rule_id: PGM020
  severity: Minor
  message: "DISABLE TRIGGER USER on existing table 'orders' suppresses user-defined triggers (FK enforcement triggers are not affected). If this is not re-enabled in the same migration, business logic guarantees are lost."
  file: migrations/002.sql
  start_line: 1
  end_line: 1
