---
source: src/rules/pgm021.rs
expression: findings
---
- rule_id: PGM021
  severity: Critical
  message: "ADD UNIQUE on existing table 'orders' without USING INDEX on column(s) [email]. Create a unique index CONCURRENTLY first, then use ADD CONSTRAINT ... UNIQUE USING INDEX."
  file: migrations/002.sql
  start_line: 1
  end_line: 1
