---
source: src/rules/pgm013.rs
assertion_line: 149
expression: findings
---
- rule_id: PGM013
  severity: Minor
  message: "Dropping column 'email' from table 'users' silently removes unique constraint 'uq_users_email'. Verify that the uniqueness guarantee is no longer needed."
  file: migrations/002.sql
  start_line: 1
  end_line: 1
