---
source: src/rules/pgm011.rs
expression: findings
---
- rule_id: PGM011
  severity: Major
  message: "Dropping column 'a' from table 'order_items' silently removes the primary key. The table will have no row identity. Add a new primary key or reconsider the column drop."
  file: migrations/002.sql
  start_line: 1
  end_line: 1
