---
source: src/output/sonarqube.rs
expression: parsed
---
{
  "issues": [
    {
      "effortMinutes": 5,
      "primaryLocation": {
        "filePath": "db/migrations/V042__add_index.sql",
        "message": "CREATE INDEX on existing table 'orders' should use CONCURRENTLY.",
        "textRange": {
          "endLine": 3,
          "startLine": 3
        }
      },
      "ruleId": "PGM001"
    }
  ],
  "rules": [
    {
      "cleanCodeAttribute": "COMPLETE",
      "description": "Missing CONCURRENTLY on CREATE INDEX. See https://robert-sjoblom.github.io/pg-migration-lint/rules#pgm001",
      "engineId": "pg-migration-lint",
      "id": "PGM001",
      "impacts": [
        {
          "severity": "HIGH",
          "softwareQuality": "RELIABILITY"
        }
      ],
      "name": "Missing CONCURRENTLY on CREATE INDEX",
      "severity": "CRITICAL",
      "type": "BUG"
    }
  ]
}
