---
source: src/output/sonarqube.rs
expression: parsed
---
{
  "issues": [
    {
      "effortMinutes": 5,
      "primaryLocation": {
        "filePath": "test.sql",
        "message": "PGM001: Missing CONCURRENTLY on CREATE INDEX",
        "textRange": {
          "endLine": 1,
          "startLine": 1
        }
      },
      "ruleId": "PGM001"
    },
    {
      "effortMinutes": 5,
      "primaryLocation": {
        "filePath": "test.sql",
        "message": "PGM002: Missing CONCURRENTLY on DROP INDEX",
        "textRange": {
          "endLine": 2,
          "startLine": 2
        }
      },
      "ruleId": "PGM002"
    },
    {
      "effortMinutes": 5,
      "primaryLocation": {
        "filePath": "test.sql",
        "message": "PGM003: CONCURRENTLY inside transaction",
        "textRange": {
          "endLine": 3,
          "startLine": 3
        }
      },
      "ruleId": "PGM003"
    },
    {
      "effortMinutes": 5,
      "primaryLocation": {
        "filePath": "test.sql",
        "message": "PGM004: DETACH PARTITION on existing table without CONCURRENTLY",
        "textRange": {
          "endLine": 4,
          "startLine": 4
        }
      },
      "ruleId": "PGM004"
    },
    {
      "effortMinutes": 30,
      "primaryLocation": {
        "filePath": "test.sql",
        "message": "PGM005: ATTACH PARTITION of existing table without pre-validated CHECK",
        "textRange": {
          "endLine": 5,
          "startLine": 5
        }
      },
      "ruleId": "PGM005"
    },
    {
      "effortMinutes": 30,
      "primaryLocation": {
        "filePath": "test.sql",
        "message": "PGM006: Volatile default on column",
        "textRange": {
          "endLine": 6,
          "startLine": 6
        }
      },
      "ruleId": "PGM006"
    },
    {
      "effortMinutes": 30,
      "primaryLocation": {
        "filePath": "test.sql",
        "message": "PGM007: ALTER COLUMN TYPE on existing table causes table rewrite",
        "textRange": {
          "endLine": 7,
          "startLine": 7
        }
      },
      "ruleId": "PGM007"
    },
    {
      "effortMinutes": 30,
      "primaryLocation": {
        "filePath": "test.sql",
        "message": "PGM008: ADD COLUMN NOT NULL without DEFAULT on existing table",
        "textRange": {
          "endLine": 8,
          "startLine": 8
        }
      },
      "ruleId": "PGM008"
    },
    {
      "effortMinutes": 10,
      "primaryLocation": {
        "filePath": "test.sql",
        "message": "PGM009: DROP COLUMN on existing table",
        "textRange": {
          "endLine": 9,
          "startLine": 9
        }
      },
      "ruleId": "PGM009"
    },
    {
      "effortMinutes": 10,
      "primaryLocation": {
        "filePath": "test.sql",
        "message": "PGM010: DROP COLUMN silently removes unique constraint",
        "textRange": {
          "endLine": 10,
          "startLine": 10
        }
      },
      "ruleId": "PGM010"
    },
    {
      "effortMinutes": 10,
      "primaryLocation": {
        "filePath": "test.sql",
        "message": "PGM011: DROP COLUMN silently removes primary key",
        "textRange": {
          "endLine": 11,
          "startLine": 11
        }
      },
      "ruleId": "PGM011"
    },
    {
      "effortMinutes": 10,
      "primaryLocation": {
        "filePath": "test.sql",
        "message": "PGM012: DROP COLUMN silently removes foreign key",
        "textRange": {
          "endLine": 12,
          "startLine": 12
        }
      },
      "ruleId": "PGM012"
    },
    {
      "effortMinutes": 30,
      "primaryLocation": {
        "filePath": "test.sql",
        "message": "PGM013: SET NOT NULL on existing table requires ACCESS EXCLUSIVE lock",
        "textRange": {
          "endLine": 13,
          "startLine": 13
        }
      },
      "ruleId": "PGM013"
    },
    {
      "effortMinutes": 30,
      "primaryLocation": {
        "filePath": "test.sql",
        "message": "PGM014: ADD FOREIGN KEY on existing table without NOT VALID",
        "textRange": {
          "endLine": 14,
          "startLine": 14
        }
      },
      "ruleId": "PGM014"
    },
    {
      "effortMinutes": 30,
      "primaryLocation": {
        "filePath": "test.sql",
        "message": "PGM015: ADD CHECK on existing table without NOT VALID",
        "textRange": {
          "endLine": 15,
          "startLine": 15
        }
      },
      "ruleId": "PGM015"
    },
    {
      "effortMinutes": 15,
      "primaryLocation": {
        "filePath": "test.sql",
        "message": "PGM016: ADD PRIMARY KEY on existing table without USING INDEX",
        "textRange": {
          "endLine": 16,
          "startLine": 16
        }
      },
      "ruleId": "PGM016"
    },
    {
      "effortMinutes": 15,
      "primaryLocation": {
        "filePath": "test.sql",
        "message": "PGM017: ADD UNIQUE on existing table without USING INDEX",
        "textRange": {
          "endLine": 17,
          "startLine": 17
        }
      },
      "ruleId": "PGM017"
    },
    {
      "effortMinutes": 30,
      "primaryLocation": {
        "filePath": "test.sql",
        "message": "PGM018: CLUSTER on existing table",
        "textRange": {
          "endLine": 18,
          "startLine": 18
        }
      },
      "ruleId": "PGM018"
    },
    {
      "effortMinutes": 30,
      "primaryLocation": {
        "filePath": "test.sql",
        "message": "PGM019: ADD EXCLUDE constraint on existing table",
        "textRange": {
          "endLine": 19,
          "startLine": 19
        }
      },
      "ruleId": "PGM019"
    },
    {
      "effortMinutes": 10,
      "primaryLocation": {
        "filePath": "test.sql",
        "message": "PGM101: Column uses timestamp without time zone",
        "textRange": {
          "endLine": 20,
          "startLine": 20
        }
      },
      "ruleId": "PGM101"
    },
    {
      "effortMinutes": 10,
      "primaryLocation": {
        "filePath": "test.sql",
        "message": "PGM102: Column uses timestamp or timestamptz with precision 0",
        "textRange": {
          "endLine": 21,
          "startLine": 21
        }
      },
      "ruleId": "PGM102"
    },
    {
      "effortMinutes": 10,
      "primaryLocation": {
        "filePath": "test.sql",
        "message": "PGM103: Column uses char(n) type",
        "textRange": {
          "endLine": 22,
          "startLine": 22
        }
      },
      "ruleId": "PGM103"
    },
    {
      "effortMinutes": 10,
      "primaryLocation": {
        "filePath": "test.sql",
        "message": "PGM104: Column uses the money type",
        "textRange": {
          "endLine": 23,
          "startLine": 23
        }
      },
      "ruleId": "PGM104"
    },
    {
      "effortMinutes": 10,
      "primaryLocation": {
        "filePath": "test.sql",
        "message": "PGM105: Column uses serial/bigserial instead of identity column",
        "textRange": {
          "endLine": 24,
          "startLine": 24
        }
      },
      "ruleId": "PGM105"
    },
    {
      "effortMinutes": 10,
      "primaryLocation": {
        "filePath": "test.sql",
        "message": "PGM106: Column uses json type instead of jsonb",
        "textRange": {
          "endLine": 25,
          "startLine": 25
        }
      },
      "ruleId": "PGM106"
    },
    {
      "effortMinutes": 10,
      "primaryLocation": {
        "filePath": "test.sql",
        "message": "PGM201: DROP TABLE on existing table",
        "textRange": {
          "endLine": 26,
          "startLine": 26
        }
      },
      "ruleId": "PGM201"
    },
    {
      "effortMinutes": 15,
      "primaryLocation": {
        "filePath": "test.sql",
        "message": "PGM202: DROP TABLE CASCADE on existing table",
        "textRange": {
          "endLine": 27,
          "startLine": 27
        }
      },
      "ruleId": "PGM202"
    },
    {
      "effortMinutes": 10,
      "primaryLocation": {
        "filePath": "test.sql",
        "message": "PGM203: TRUNCATE TABLE on existing table",
        "textRange": {
          "endLine": 28,
          "startLine": 28
        }
      },
      "ruleId": "PGM203"
    },
    {
      "effortMinutes": 15,
      "primaryLocation": {
        "filePath": "test.sql",
        "message": "PGM204: TRUNCATE TABLE CASCADE on existing table",
        "textRange": {
          "endLine": 29,
          "startLine": 29
        }
      },
      "ruleId": "PGM204"
    },
    {
      "effortMinutes": 10,
      "primaryLocation": {
        "filePath": "test.sql",
        "message": "PGM301: INSERT INTO existing table in migration",
        "textRange": {
          "endLine": 30,
          "startLine": 30
        }
      },
      "ruleId": "PGM301"
    },
    {
      "effortMinutes": 10,
      "primaryLocation": {
        "filePath": "test.sql",
        "message": "PGM302: UPDATE on existing table in migration",
        "textRange": {
          "endLine": 31,
          "startLine": 31
        }
      },
      "ruleId": "PGM302"
    },
    {
      "effortMinutes": 10,
      "primaryLocation": {
        "filePath": "test.sql",
        "message": "PGM303: DELETE FROM existing table in migration",
        "textRange": {
          "endLine": 32,
          "startLine": 32
        }
      },
      "ruleId": "PGM303"
    },
    {
      "effortMinutes": 10,
      "primaryLocation": {
        "filePath": "test.sql",
        "message": "PGM401: Missing IF EXISTS on DROP TABLE / DROP INDEX",
        "textRange": {
          "endLine": 33,
          "startLine": 33
        }
      },
      "ruleId": "PGM401"
    },
    {
      "effortMinutes": 10,
      "primaryLocation": {
        "filePath": "test.sql",
        "message": "PGM402: Missing IF NOT EXISTS on CREATE TABLE / CREATE INDEX",
        "textRange": {
          "endLine": 34,
          "startLine": 34
        }
      },
      "ruleId": "PGM402"
    },
    {
      "effortMinutes": 10,
      "primaryLocation": {
        "filePath": "test.sql",
        "message": "PGM403: CREATE TABLE IF NOT EXISTS for already-existing table is a misleading no-op",
        "textRange": {
          "endLine": 35,
          "startLine": 35
        }
      },
      "ruleId": "PGM403"
    },
    {
      "effortMinutes": 15,
      "primaryLocation": {
        "filePath": "test.sql",
        "message": "PGM501: Foreign key without covering index on referencing columns",
        "textRange": {
          "endLine": 36,
          "startLine": 36
        }
      },
      "ruleId": "PGM501"
    },
    {
      "effortMinutes": 10,
      "primaryLocation": {
        "filePath": "test.sql",
        "message": "PGM502: Table without primary key",
        "textRange": {
          "endLine": 37,
          "startLine": 37
        }
      },
      "ruleId": "PGM502"
    },
    {
      "effortMinutes": 10,
      "primaryLocation": {
        "filePath": "test.sql",
        "message": "PGM503: UNIQUE NOT NULL used instead of PRIMARY KEY",
        "textRange": {
          "endLine": 38,
          "startLine": 38
        }
      },
      "ruleId": "PGM503"
    },
    {
      "effortMinutes": 10,
      "primaryLocation": {
        "filePath": "test.sql",
        "message": "PGM504: RENAME TABLE on existing table",
        "textRange": {
          "endLine": 39,
          "startLine": 39
        }
      },
      "ruleId": "PGM504"
    },
    {
      "effortMinutes": 10,
      "primaryLocation": {
        "filePath": "test.sql",
        "message": "PGM505: RENAME COLUMN on existing table",
        "textRange": {
          "endLine": 40,
          "startLine": 40
        }
      },
      "ruleId": "PGM505"
    },
    {
      "effortMinutes": 10,
      "primaryLocation": {
        "filePath": "test.sql",
        "message": "PGM506: CREATE UNLOGGED TABLE",
        "textRange": {
          "endLine": 41,
          "startLine": 41
        }
      },
      "ruleId": "PGM506"
    }
  ],
  "rules": [
    {
      "cleanCodeAttribute": "COMPLETE",
      "description": "Missing CONCURRENTLY on CREATE INDEX. See https://robert-sjoblom.github.io/pg-migration-lint/rules#pgm001",
      "engineId": "pg-migration-lint",
      "id": "PGM001",
      "impacts": [
        {
          "severity": "HIGH",
          "softwareQuality": "RELIABILITY"
        }
      ],
      "name": "Missing CONCURRENTLY on CREATE INDEX",
      "severity": "CRITICAL",
      "type": "BUG"
    },
    {
      "cleanCodeAttribute": "COMPLETE",
      "description": "Missing CONCURRENTLY on DROP INDEX. See https://robert-sjoblom.github.io/pg-migration-lint/rules#pgm002",
      "engineId": "pg-migration-lint",
      "id": "PGM002",
      "impacts": [
        {
          "severity": "HIGH",
          "softwareQuality": "RELIABILITY"
        }
      ],
      "name": "Missing CONCURRENTLY on DROP INDEX",
      "severity": "CRITICAL",
      "type": "BUG"
    },
    {
      "cleanCodeAttribute": "COMPLETE",
      "description": "CONCURRENTLY inside transaction. See https://robert-sjoblom.github.io/pg-migration-lint/rules#pgm003",
      "engineId": "pg-migration-lint",
      "id": "PGM003",
      "impacts": [
        {
          "severity": "HIGH",
          "softwareQuality": "RELIABILITY"
        }
      ],
      "name": "CONCURRENTLY inside transaction",
      "severity": "CRITICAL",
      "type": "BUG"
    },
    {
      "cleanCodeAttribute": "COMPLETE",
      "description": "DETACH PARTITION on existing table without CONCURRENTLY. See https://robert-sjoblom.github.io/pg-migration-lint/rules#pgm004",
      "engineId": "pg-migration-lint",
      "id": "PGM004",
      "impacts": [
        {
          "severity": "HIGH",
          "softwareQuality": "RELIABILITY"
        }
      ],
      "name": "DETACH PARTITION on existing table without CONCURRENTLY",
      "severity": "CRITICAL",
      "type": "BUG"
    },
    {
      "cleanCodeAttribute": "COMPLETE",
      "description": "ATTACH PARTITION of existing table without pre-validated CHECK. See https://robert-sjoblom.github.io/pg-migration-lint/rules#pgm005",
      "engineId": "pg-migration-lint",
      "id": "PGM005",
      "impacts": [
        {
          "severity": "MEDIUM",
          "softwareQuality": "RELIABILITY"
        }
      ],
      "name": "ATTACH PARTITION of existing table without pre-validated CHECK",
      "severity": "MAJOR",
      "type": "BUG"
    },
    {
      "cleanCodeAttribute": "COMPLETE",
      "description": "Volatile default on column. See https://robert-sjoblom.github.io/pg-migration-lint/rules#pgm006",
      "engineId": "pg-migration-lint",
      "id": "PGM006",
      "impacts": [
        {
          "severity": "MEDIUM",
          "softwareQuality": "RELIABILITY"
        }
      ],
      "name": "Volatile default on column",
      "severity": "MINOR",
      "type": "BUG"
    },
    {
      "cleanCodeAttribute": "COMPLETE",
      "description": "ALTER COLUMN TYPE on existing table causes table rewrite. See https://robert-sjoblom.github.io/pg-migration-lint/rules#pgm007",
      "engineId": "pg-migration-lint",
      "id": "PGM007",
      "impacts": [
        {
          "severity": "HIGH",
          "softwareQuality": "RELIABILITY"
        }
      ],
      "name": "ALTER COLUMN TYPE on existing table causes table rewrite",
      "severity": "CRITICAL",
      "type": "BUG"
    },
    {
      "cleanCodeAttribute": "COMPLETE",
      "description": "ADD COLUMN NOT NULL without DEFAULT on existing table. See https://robert-sjoblom.github.io/pg-migration-lint/rules#pgm008",
      "engineId": "pg-migration-lint",
      "id": "PGM008",
      "impacts": [
        {
          "severity": "HIGH",
          "softwareQuality": "RELIABILITY"
        }
      ],
      "name": "ADD COLUMN NOT NULL without DEFAULT on existing table",
      "severity": "CRITICAL",
      "type": "BUG"
    },
    {
      "cleanCodeAttribute": "COMPLETE",
      "description": "DROP COLUMN on existing table. See https://robert-sjoblom.github.io/pg-migration-lint/rules#pgm009",
      "engineId": "pg-migration-lint",
      "id": "PGM009",
      "impacts": [
        {
          "severity": "MEDIUM",
          "softwareQuality": "MAINTAINABILITY"
        }
      ],
      "name": "DROP COLUMN on existing table",
      "severity": "INFO",
      "type": "CODE_SMELL"
    },
    {
      "cleanCodeAttribute": "COMPLETE",
      "description": "DROP COLUMN silently removes unique constraint. See https://robert-sjoblom.github.io/pg-migration-lint/rules#pgm010",
      "engineId": "pg-migration-lint",
      "id": "PGM010",
      "impacts": [
        {
          "severity": "MEDIUM",
          "softwareQuality": "RELIABILITY"
        }
      ],
      "name": "DROP COLUMN silently removes unique constraint",
      "severity": "MINOR",
      "type": "BUG"
    },
    {
      "cleanCodeAttribute": "COMPLETE",
      "description": "DROP COLUMN silently removes primary key. See https://robert-sjoblom.github.io/pg-migration-lint/rules#pgm011",
      "engineId": "pg-migration-lint",
      "id": "PGM011",
      "impacts": [
        {
          "severity": "MEDIUM",
          "softwareQuality": "RELIABILITY"
        }
      ],
      "name": "DROP COLUMN silently removes primary key",
      "severity": "MAJOR",
      "type": "BUG"
    },
    {
      "cleanCodeAttribute": "COMPLETE",
      "description": "DROP COLUMN silently removes foreign key. See https://robert-sjoblom.github.io/pg-migration-lint/rules#pgm012",
      "engineId": "pg-migration-lint",
      "id": "PGM012",
      "impacts": [
        {
          "severity": "MEDIUM",
          "softwareQuality": "RELIABILITY"
        }
      ],
      "name": "DROP COLUMN silently removes foreign key",
      "severity": "MINOR",
      "type": "BUG"
    },
    {
      "cleanCodeAttribute": "COMPLETE",
      "description": "SET NOT NULL on existing table requires ACCESS EXCLUSIVE lock. See https://robert-sjoblom.github.io/pg-migration-lint/rules#pgm013",
      "engineId": "pg-migration-lint",
      "id": "PGM013",
      "impacts": [
        {
          "severity": "HIGH",
          "softwareQuality": "RELIABILITY"
        }
      ],
      "name": "SET NOT NULL on existing table requires ACCESS EXCLUSIVE lock",
      "severity": "CRITICAL",
      "type": "BUG"
    },
    {
      "cleanCodeAttribute": "COMPLETE",
      "description": "ADD FOREIGN KEY on existing table without NOT VALID. See https://robert-sjoblom.github.io/pg-migration-lint/rules#pgm014",
      "engineId": "pg-migration-lint",
      "id": "PGM014",
      "impacts": [
        {
          "severity": "HIGH",
          "softwareQuality": "RELIABILITY"
        }
      ],
      "name": "ADD FOREIGN KEY on existing table without NOT VALID",
      "severity": "CRITICAL",
      "type": "BUG"
    },
    {
      "cleanCodeAttribute": "COMPLETE",
      "description": "ADD CHECK on existing table without NOT VALID. See https://robert-sjoblom.github.io/pg-migration-lint/rules#pgm015",
      "engineId": "pg-migration-lint",
      "id": "PGM015",
      "impacts": [
        {
          "severity": "HIGH",
          "softwareQuality": "RELIABILITY"
        }
      ],
      "name": "ADD CHECK on existing table without NOT VALID",
      "severity": "CRITICAL",
      "type": "BUG"
    },
    {
      "cleanCodeAttribute": "COMPLETE",
      "description": "ADD PRIMARY KEY on existing table without USING INDEX. See https://robert-sjoblom.github.io/pg-migration-lint/rules#pgm016",
      "engineId": "pg-migration-lint",
      "id": "PGM016",
      "impacts": [
        {
          "severity": "HIGH",
          "softwareQuality": "RELIABILITY"
        }
      ],
      "name": "ADD PRIMARY KEY on existing table without USING INDEX",
      "severity": "MAJOR",
      "type": "BUG"
    },
    {
      "cleanCodeAttribute": "COMPLETE",
      "description": "ADD UNIQUE on existing table without USING INDEX. See https://robert-sjoblom.github.io/pg-migration-lint/rules#pgm017",
      "engineId": "pg-migration-lint",
      "id": "PGM017",
      "impacts": [
        {
          "severity": "HIGH",
          "softwareQuality": "RELIABILITY"
        }
      ],
      "name": "ADD UNIQUE on existing table without USING INDEX",
      "severity": "CRITICAL",
      "type": "BUG"
    },
    {
      "cleanCodeAttribute": "COMPLETE",
      "description": "CLUSTER on existing table. See https://robert-sjoblom.github.io/pg-migration-lint/rules#pgm018",
      "engineId": "pg-migration-lint",
      "id": "PGM018",
      "impacts": [
        {
          "severity": "HIGH",
          "softwareQuality": "RELIABILITY"
        }
      ],
      "name": "CLUSTER on existing table",
      "severity": "CRITICAL",
      "type": "BUG"
    },
    {
      "cleanCodeAttribute": "COMPLETE",
      "description": "ADD EXCLUDE constraint on existing table. See https://robert-sjoblom.github.io/pg-migration-lint/rules#pgm019",
      "engineId": "pg-migration-lint",
      "id": "PGM019",
      "impacts": [
        {
          "severity": "HIGH",
          "softwareQuality": "RELIABILITY"
        }
      ],
      "name": "ADD EXCLUDE constraint on existing table",
      "severity": "CRITICAL",
      "type": "BUG"
    },
    {
      "cleanCodeAttribute": "CONVENTIONAL",
      "description": "Column uses timestamp without time zone. See https://robert-sjoblom.github.io/pg-migration-lint/rules#pgm101",
      "engineId": "pg-migration-lint",
      "id": "PGM101",
      "impacts": [
        {
          "severity": "LOW",
          "softwareQuality": "MAINTAINABILITY"
        }
      ],
      "name": "Column uses timestamp without time zone",
      "severity": "MINOR",
      "type": "CODE_SMELL"
    },
    {
      "cleanCodeAttribute": "CONVENTIONAL",
      "description": "Column uses timestamp or timestamptz with precision 0. See https://robert-sjoblom.github.io/pg-migration-lint/rules#pgm102",
      "engineId": "pg-migration-lint",
      "id": "PGM102",
      "impacts": [
        {
          "severity": "LOW",
          "softwareQuality": "MAINTAINABILITY"
        }
      ],
      "name": "Column uses timestamp or timestamptz with precision 0",
      "severity": "MINOR",
      "type": "CODE_SMELL"
    },
    {
      "cleanCodeAttribute": "CONVENTIONAL",
      "description": "Column uses char(n) type. See https://robert-sjoblom.github.io/pg-migration-lint/rules#pgm103",
      "engineId": "pg-migration-lint",
      "id": "PGM103",
      "impacts": [
        {
          "severity": "LOW",
          "softwareQuality": "MAINTAINABILITY"
        }
      ],
      "name": "Column uses char(n) type",
      "severity": "MINOR",
      "type": "CODE_SMELL"
    },
    {
      "cleanCodeAttribute": "CONVENTIONAL",
      "description": "Column uses the money type. See https://robert-sjoblom.github.io/pg-migration-lint/rules#pgm104",
      "engineId": "pg-migration-lint",
      "id": "PGM104",
      "impacts": [
        {
          "severity": "LOW",
          "softwareQuality": "MAINTAINABILITY"
        }
      ],
      "name": "Column uses the money type",
      "severity": "MINOR",
      "type": "CODE_SMELL"
    },
    {
      "cleanCodeAttribute": "CONVENTIONAL",
      "description": "Column uses serial/bigserial instead of identity column. See https://robert-sjoblom.github.io/pg-migration-lint/rules#pgm105",
      "engineId": "pg-migration-lint",
      "id": "PGM105",
      "impacts": [
        {
          "severity": "LOW",
          "softwareQuality": "MAINTAINABILITY"
        }
      ],
      "name": "Column uses serial/bigserial instead of identity column",
      "severity": "INFO",
      "type": "CODE_SMELL"
    },
    {
      "cleanCodeAttribute": "CONVENTIONAL",
      "description": "Column uses json type instead of jsonb. See https://robert-sjoblom.github.io/pg-migration-lint/rules#pgm106",
      "engineId": "pg-migration-lint",
      "id": "PGM106",
      "impacts": [
        {
          "severity": "LOW",
          "softwareQuality": "MAINTAINABILITY"
        }
      ],
      "name": "Column uses json type instead of jsonb",
      "severity": "MINOR",
      "type": "CODE_SMELL"
    },
    {
      "cleanCodeAttribute": "COMPLETE",
      "description": "DROP TABLE on existing table. See https://robert-sjoblom.github.io/pg-migration-lint/rules#pgm201",
      "engineId": "pg-migration-lint",
      "id": "PGM201",
      "impacts": [
        {
          "severity": "MEDIUM",
          "softwareQuality": "MAINTAINABILITY"
        }
      ],
      "name": "DROP TABLE on existing table",
      "severity": "MINOR",
      "type": "CODE_SMELL"
    },
    {
      "cleanCodeAttribute": "COMPLETE",
      "description": "DROP TABLE CASCADE on existing table. See https://robert-sjoblom.github.io/pg-migration-lint/rules#pgm202",
      "engineId": "pg-migration-lint",
      "id": "PGM202",
      "impacts": [
        {
          "severity": "HIGH",
          "softwareQuality": "RELIABILITY"
        }
      ],
      "name": "DROP TABLE CASCADE on existing table",
      "severity": "MAJOR",
      "type": "BUG"
    },
    {
      "cleanCodeAttribute": "COMPLETE",
      "description": "TRUNCATE TABLE on existing table. See https://robert-sjoblom.github.io/pg-migration-lint/rules#pgm203",
      "engineId": "pg-migration-lint",
      "id": "PGM203",
      "impacts": [
        {
          "severity": "MEDIUM",
          "softwareQuality": "MAINTAINABILITY"
        }
      ],
      "name": "TRUNCATE TABLE on existing table",
      "severity": "MINOR",
      "type": "CODE_SMELL"
    },
    {
      "cleanCodeAttribute": "COMPLETE",
      "description": "TRUNCATE TABLE CASCADE on existing table. See https://robert-sjoblom.github.io/pg-migration-lint/rules#pgm204",
      "engineId": "pg-migration-lint",
      "id": "PGM204",
      "impacts": [
        {
          "severity": "HIGH",
          "softwareQuality": "RELIABILITY"
        }
      ],
      "name": "TRUNCATE TABLE CASCADE on existing table",
      "severity": "MAJOR",
      "type": "BUG"
    },
    {
      "cleanCodeAttribute": "COMPLETE",
      "description": "INSERT INTO existing table in migration. See https://robert-sjoblom.github.io/pg-migration-lint/rules#pgm301",
      "engineId": "pg-migration-lint",
      "id": "PGM301",
      "impacts": [
        {
          "severity": "LOW",
          "softwareQuality": "MAINTAINABILITY"
        }
      ],
      "name": "INSERT INTO existing table in migration",
      "severity": "INFO",
      "type": "CODE_SMELL"
    },
    {
      "cleanCodeAttribute": "COMPLETE",
      "description": "UPDATE on existing table in migration. See https://robert-sjoblom.github.io/pg-migration-lint/rules#pgm302",
      "engineId": "pg-migration-lint",
      "id": "PGM302",
      "impacts": [
        {
          "severity": "LOW",
          "softwareQuality": "MAINTAINABILITY"
        }
      ],
      "name": "UPDATE on existing table in migration",
      "severity": "MINOR",
      "type": "CODE_SMELL"
    },
    {
      "cleanCodeAttribute": "COMPLETE",
      "description": "DELETE FROM existing table in migration. See https://robert-sjoblom.github.io/pg-migration-lint/rules#pgm303",
      "engineId": "pg-migration-lint",
      "id": "PGM303",
      "impacts": [
        {
          "severity": "LOW",
          "softwareQuality": "MAINTAINABILITY"
        }
      ],
      "name": "DELETE FROM existing table in migration",
      "severity": "MINOR",
      "type": "CODE_SMELL"
    },
    {
      "cleanCodeAttribute": "COMPLETE",
      "description": "Missing IF EXISTS on DROP TABLE / DROP INDEX. See https://robert-sjoblom.github.io/pg-migration-lint/rules#pgm401",
      "engineId": "pg-migration-lint",
      "id": "PGM401",
      "impacts": [
        {
          "severity": "MEDIUM",
          "softwareQuality": "MAINTAINABILITY"
        }
      ],
      "name": "Missing IF EXISTS on DROP TABLE / DROP INDEX",
      "severity": "MINOR",
      "type": "CODE_SMELL"
    },
    {
      "cleanCodeAttribute": "COMPLETE",
      "description": "Missing IF NOT EXISTS on CREATE TABLE / CREATE INDEX. See https://robert-sjoblom.github.io/pg-migration-lint/rules#pgm402",
      "engineId": "pg-migration-lint",
      "id": "PGM402",
      "impacts": [
        {
          "severity": "MEDIUM",
          "softwareQuality": "MAINTAINABILITY"
        }
      ],
      "name": "Missing IF NOT EXISTS on CREATE TABLE / CREATE INDEX",
      "severity": "MINOR",
      "type": "CODE_SMELL"
    },
    {
      "cleanCodeAttribute": "COMPLETE",
      "description": "CREATE TABLE IF NOT EXISTS for already-existing table is a misleading no-op. See https://robert-sjoblom.github.io/pg-migration-lint/rules#pgm403",
      "engineId": "pg-migration-lint",
      "id": "PGM403",
      "impacts": [
        {
          "severity": "MEDIUM",
          "softwareQuality": "MAINTAINABILITY"
        }
      ],
      "name": "CREATE TABLE IF NOT EXISTS for already-existing table is a misleading no-op",
      "severity": "MINOR",
      "type": "CODE_SMELL"
    },
    {
      "cleanCodeAttribute": "EFFICIENT",
      "description": "Foreign key without covering index on referencing columns. See https://robert-sjoblom.github.io/pg-migration-lint/rules#pgm501",
      "engineId": "pg-migration-lint",
      "id": "PGM501",
      "impacts": [
        {
          "severity": "MEDIUM",
          "softwareQuality": "MAINTAINABILITY"
        }
      ],
      "name": "Foreign key without covering index on referencing columns",
      "severity": "MAJOR",
      "type": "CODE_SMELL"
    },
    {
      "cleanCodeAttribute": "COMPLETE",
      "description": "Table without primary key. See https://robert-sjoblom.github.io/pg-migration-lint/rules#pgm502",
      "engineId": "pg-migration-lint",
      "id": "PGM502",
      "impacts": [
        {
          "severity": "MEDIUM",
          "softwareQuality": "MAINTAINABILITY"
        }
      ],
      "name": "Table without primary key",
      "severity": "MAJOR",
      "type": "CODE_SMELL"
    },
    {
      "cleanCodeAttribute": "CONVENTIONAL",
      "description": "UNIQUE NOT NULL used instead of PRIMARY KEY. See https://robert-sjoblom.github.io/pg-migration-lint/rules#pgm503",
      "engineId": "pg-migration-lint",
      "id": "PGM503",
      "impacts": [
        {
          "severity": "LOW",
          "softwareQuality": "MAINTAINABILITY"
        }
      ],
      "name": "UNIQUE NOT NULL used instead of PRIMARY KEY",
      "severity": "INFO",
      "type": "CODE_SMELL"
    },
    {
      "cleanCodeAttribute": "COMPLETE",
      "description": "RENAME TABLE on existing table. See https://robert-sjoblom.github.io/pg-migration-lint/rules#pgm504",
      "engineId": "pg-migration-lint",
      "id": "PGM504",
      "impacts": [
        {
          "severity": "MEDIUM",
          "softwareQuality": "MAINTAINABILITY"
        }
      ],
      "name": "RENAME TABLE on existing table",
      "severity": "INFO",
      "type": "CODE_SMELL"
    },
    {
      "cleanCodeAttribute": "COMPLETE",
      "description": "RENAME COLUMN on existing table. See https://robert-sjoblom.github.io/pg-migration-lint/rules#pgm505",
      "engineId": "pg-migration-lint",
      "id": "PGM505",
      "impacts": [
        {
          "severity": "MEDIUM",
          "softwareQuality": "MAINTAINABILITY"
        }
      ],
      "name": "RENAME COLUMN on existing table",
      "severity": "INFO",
      "type": "CODE_SMELL"
    },
    {
      "cleanCodeAttribute": "CONVENTIONAL",
      "description": "CREATE UNLOGGED TABLE. See https://robert-sjoblom.github.io/pg-migration-lint/rules#pgm506",
      "engineId": "pg-migration-lint",
      "id": "PGM506",
      "impacts": [
        {
          "severity": "LOW",
          "softwareQuality": "MAINTAINABILITY"
        }
      ],
      "name": "CREATE UNLOGGED TABLE",
      "severity": "INFO",
      "type": "CODE_SMELL"
    }
  ]
}
