---
source: src/output/sonarqube.rs
expression: parsed
---
{
  "issues": [
    {
      "effortMinutes": 5,
      "primaryLocation": {
        "filePath": "a.sql",
        "message": "single line",
        "textRange": {
          "endLine": 42,
          "startLine": 42
        }
      },
      "ruleId": "PGM001"
    },
    {
      "effortMinutes": 15,
      "primaryLocation": {
        "filePath": "b.sql",
        "message": "multi line",
        "textRange": {
          "endLine": 105,
          "startLine": 100
        }
      },
      "ruleId": "PGM501"
    }
  ],
  "rules": [
    {
      "cleanCodeAttribute": "COMPLETE",
      "description": "Missing CONCURRENTLY on CREATE INDEX. See https://robert-sjoblom.github.io/pg-migration-lint/rules#pgm001",
      "engineId": "pg-migration-lint",
      "id": "PGM001",
      "impacts": [
        {
          "severity": "HIGH",
          "softwareQuality": "RELIABILITY"
        }
      ],
      "name": "Missing CONCURRENTLY on CREATE INDEX",
      "severity": "CRITICAL",
      "type": "BUG"
    },
    {
      "cleanCodeAttribute": "EFFICIENT",
      "description": "Foreign key without covering index on referencing columns. See https://robert-sjoblom.github.io/pg-migration-lint/rules#pgm501",
      "engineId": "pg-migration-lint",
      "id": "PGM501",
      "impacts": [
        {
          "severity": "MEDIUM",
          "softwareQuality": "MAINTAINABILITY"
        }
      ],
      "name": "Foreign key without covering index on referencing columns",
      "severity": "MAJOR",
      "type": "CODE_SMELL"
    }
  ]
}
