---
source: src/output/sonarqube.rs
assertion_line: 369
expression: parsed
---
{
  "issues": [
    {
      "engineId": "pg-migration-lint",
      "primaryLocation": {
        "filePath": "a.sql",
        "message": "single line",
        "textRange": {
          "endLine": 42,
          "startLine": 42
        }
      },
      "ruleId": "PGM001",
      "severity": "CRITICAL",
      "type": "BUG"
    },
    {
      "engineId": "pg-migration-lint",
      "primaryLocation": {
        "filePath": "b.sql",
        "message": "multi line",
        "textRange": {
          "endLine": 105,
          "startLine": 100
        }
      },
      "ruleId": "PGM003",
      "severity": "MAJOR",
      "type": "BUG"
    }
  ]
}
