---
source: tests/integration.rs
assertion_line: 429
expression: pgm020
---
- rule_id: PGM020
  severity: Info
  message: "Renaming column 'address_id' to 'addr_id' on existing table 'addresses' will break queries referencing the old column name."
  file: repos/all-rules/migrations/V005__new_violations.sql
  start_line: 15
  end_line: 16
