---
source: tests/integration.rs
expression: findings
---
- rule_id: PGM509
  severity: Info
  message: "Table 'User' requires double-quoting (PostgreSQL reserved word)."
  file: repos/all-rules/migrations/V020__quoted_identifiers.sql
  start_line: 2
  end_line: 2
- rule_id: PGM509
  severity: Info
  message: "Column 'Id' on table 'User' requires double-quoting (contains uppercase characters)."
  file: repos/all-rules/migrations/V020__quoted_identifiers.sql
  start_line: 2
  end_line: 2
- rule_id: PGM509
  severity: Info
  message: "Column 'order' on table 'User' requires double-quoting (PostgreSQL reserved word)."
  file: repos/all-rules/migrations/V020__quoted_identifiers.sql
  start_line: 2
  end_line: 2
