---
source: tests/matrix.rs
expression: findings
---
- rule_id: PGM001
  severity: Info
  message: Missing CONCURRENTLY on CREATE INDEX
  file: migrations/002.down.sql
  start_line: 1
  end_line: 1
- rule_id: PGM006
  severity: Info
  message: Volatile default on column
  file: migrations/002.down.sql
  start_line: 5
  end_line: 5
- rule_id: PGM501
  severity: Info
  message: FK without covering index
  file: migrations/002.down.sql
  start_line: 3
  end_line: 3
