---
source: tests/matrix.rs
expression: findings
---
- rule_id: PGM015
  severity: Critical
  message: "Adding CHECK constraint on existing table 'orders' without NOT VALID will scan the entire table while holding an ACCESS EXCLUSIVE lock. Use ADD CONSTRAINT ... NOT VALID, then VALIDATE CONSTRAINT in a separate statement."
  file: migrations/002.sql
  start_line: 1
  end_line: 1
